// Vitest Snapshot v1, https://vitest.dev/guide/snapshot.html

exports[`Alert Component > matches snapshot with default props 1`] = `
<div
  class="MuiPaper-root MuiPaper-elevation MuiPaper-rounded MuiPaper-elevation6 MuiAlert-root MuiAlert-colorSuccess MuiAlert-filledSuccess MuiAlert-filled css-1t1l72a-MuiPaper-root-MuiAlert-root"
  role="alert"
  style="--Paper-shadow: 0px 3px 5px -1px rgba(0,0,0,0.2),0px 6px 10px 0px rgba(0,0,0,0.14),0px 1px 18px 0px rgba(0,0,0,0.12);"
>
  <div
    class="MuiAlert-icon css-vab54s-MuiAlert-icon"
  >
    <svg
      aria-hidden="true"
      class="MuiSvgIcon-root MuiSvgIcon-fontSizeInherit css-1ckov0h-MuiSvgIcon-root"
      data-testid="SuccessOutlinedIcon"
      focusable="false"
      viewBox="0 0 24 24"
    >
      <path
        d="M20,12A8,8 0 0,1 12,20A8,8 0 0,1 4,12A8,8 0 0,1 12,4C12.76,4 13.5,4.11 14.2, 4.31L15.77,2.74C14.61,2.26 13.34,2 12,2A10,10 0 0,0 2,12A10,10 0 0,0 12,22A10,10 0 0, 0 22,12M7.91,10.08L6.5,11.5L11,16L21,6L19.59,4.58L11,13.17L7.91,10.08Z"
      />
    </svg>
  </div>
  <div
    class="MuiAlert-message css-zioonp-MuiAlert-message"
  >
    Snapshot Alert
  </div>
</div>
`;
