// Vitest Snapshot v1, https://vitest.dev/guide/snapshot.html

exports[`Spinner Component > matches snapshot 1`] = `
<div
  class="flex justify-center items-center h-full"
>
  <div
    class="animate-spin rounded-full h-12 w-12 border-t-4 border-blue-500"
  />
</div>
`;
